gpio-uclass.c:29:12:gpio_to_device	24	static
gpio-uclass.c:260:12:check_reserved	24	static
gpio-uclass.c:744:12:gpio_renumber	24	static
gpio-uclass.c:792:12:gpio_pre_remove	16	static
gpio-uclass.c:781:12:gpio_post_probe	8	static
gpio-uclass.c:52:5:dm_gpio_lookup_name	40	static
gpio-uclass.c:91:5:gpio_lookup_name	32	static
gpio-uclass.c:131:5:dm_gpio_request	24	static
gpio-uclass.c:156:12:dm_gpio_requestf	60	static
gpio-uclass.c:183:5:gpio_request	24	static
gpio-uclass.c:205:5:gpio_requestf	60	static
gpio-uclass.c:220:5:_dm_gpio_free	16	static
gpio-uclass.c:248:5:gpio_free	24	static
gpio-uclass.c:287:5:gpio_direction_input	24	static
gpio-uclass.c:311:5:gpio_direction_output	24	static
gpio-uclass.c:327:5:dm_gpio_get_value	8	static
gpio-uclass.c:341:5:dm_gpio_set_value	16	static
gpio-uclass.c:355:5:dm_gpio_set_dir_flags	24	static
gpio-uclass.c:598:12:_gpio_request_by_name_nodev	120	static
gpio-uclass.c:385:5:dm_gpio_set_dir	0	static
gpio-uclass.c:399:5:gpio_get_value	24	static
gpio-uclass.c:420:5:gpio_set_value	24	static
gpio-uclass.c:431:13:gpio_get_bank_info	8	static
gpio-uclass.c:451:5:get_function	24	static
gpio-uclass.c:480:5:gpio_get_function	0	static
gpio-uclass.c:485:5:gpio_get_raw_function	0	static
gpio-uclass.c:490:5:gpio_get_status	64	static
gpio-uclass.c:529:5:gpio_claim_vector	24	static
gpio-uclass.c:560:5:gpio_get_values_as_int	24	static
gpio-uclass.c:580:5:dm_gpio_get_values_as_int	32	static
gpio-uclass.c:646:5:gpio_request_by_name_nodev	24	static
gpio-uclass.c:654:5:gpio_request_by_name	24	static
gpio-uclass.c:706:5:gpio_get_list_count	24	static
gpio-uclass.c:721:5:dm_gpio_free	0	static
gpio-uclass.c:727:5:gpio_free_list	24	static
gpio-uclass.c:738:5:gpio_free_list_nodev	0	static
gpio-uclass.c:666:5:gpio_request_list_by_name_nodev	48	static
gpio-uclass.c:692:5:gpio_request_list_by_name	24	static
gpio-uclass.c:769:5:gpio_get_number	0	static
