mmc_private.h:35:29:mmc_berase	0	static
mmc_private.h:41:21:mmc_bwrite	0	static
mmc.c:1119:13:mmc_set_ios	0	static
mmc.c:671:12:mmc_set_capacity	24	static
mmc.c:29:12:board_mmc_getwp	0	static
mmc.c:34:5:mmc_getwp	8	static
mmc.c:50:12:board_mmc_getcd	0	static
mmc.c:55:5:mmc_send_cmd	0	static
mmc.c:537:12:mmc_send_ext_csd	56	static
mmc.c:362:12:mmc_go_idle	40	static
mmc.c:451:12:mmc_send_op_cond_iter	40	static
mmc.c:117:5:mmc_send_status	56	static
mmc.c:559:12:mmc_switch.isra.0	40	static
mmc.c:1200:12:mmc_select_bus_width	1184	static
mmc.c:169:5:mmc_set_blocklen	40	static
mmc.c:183:13:find_mmc_device	8	static
mmc.c:232:5:mmc_send_tuning	72	static
mmc.c:723:5:mmc_switch_part	16	static
mmc.c:699:5:mmc_select_hwpart	16	static
mmc.c:316:14:mmc_bread	80	static
mmc.c:747:5:mmc_hwpart_config	640	static
mmc.c:941:5:mmc_getcd	8	static
mmc.c:1125:6:mmc_set_clock	4	static
mmc.c:1258:12:mmc_startup	1896	static
mmc.c:1686:18:mmc_register	8	static
mmc.c:1694:13:mmc_create	16	static
mmc.c:1733:6:mmc_destroy	0	static
mmc.c:1751:13:board_mmc_power_init	0	static
mmc.c:1755:5:mmc_start_init	56	static
mmc.c:1837:5:mmc_init	16	static
mmc.c:1740:18:mmc_get_dev	8	static
mmc.c:1856:5:mmc_set_dsr	0	static
mmc.c:1863:12:cpu_mmc_init	0	static
mmc.c:1869:12:board_mmc_init	0	static
mmc.c:1876:6:print_mmc_devices	32	static
mmc.c:1908:5:get_mmc_num	0	static
mmc.c:1913:6:mmc_set_preinit	0	static
mmc.c:1978:5:mmc_initialize	16	static
