nand_base.c:132:13:nand_release_device	0	static
nand_base.c:146:9:nand_read_byte	0	static
nand_base.c:159:16:nand_read_byte16	0	static
nand_base.c:171:12:nand_read_word	0	static
nand_base.c:207:13:nand_write_byte	16	static
nand_base.c:221:13:nand_write_byte16	16	static
nand_base.c:288:6:nand_write_buf	8	static
nand_base.c:303:6:nand_read_buf	8	static
nand_base.c:318:6:nand_write_buf16	8	static
nand_base.c:334:6:nand_read_buf16	8	static
nand_base.c:502:12:nand_check_wp	16	static
nand_base.c:944:12:nand_read_page_raw_syndrome	32	static
nand_base.c:986:12:nand_read_page_swecc	56	static
nand_base.c:1032:12:nand_read_subpage	56	static
nand_base.c:1126:12:nand_read_page_hwecc	48	static
nand_base.c:1179:12:nand_read_page_hwecc_oob_first	48	static
nand_base.c:1228:12:nand_read_page_syndrome	40	static
nand_base.c:1333:12:nand_setup_read_retry	0	static
nand_base.c:1564:12:nand_read_oob_std	16	static
nand_base.c:1579:12:nand_read_oob_syndrome	48	static
nand_base.c:1615:12:nand_write_oob_std	24	static
nand_base.c:1639:12:nand_write_oob_syndrome	64	static
nand_base.c:1865:12:nand_write_page_raw_syndrome	32	static
nand_base.c:1905:12:nand_write_page_swecc	48	static
nand_base.c:1932:12:nand_write_page_hwecc	40	static
nand_base.c:2028:12:nand_write_page_syndrome	32	static
nand_base.c:2514:12:single_erase	16	static
nand_base.c:2659:13:nand_sync	0	static
nand_base.c:2758:13:nand_set_defaults	0	static
nand_base.c:2909:12:nand_setup_read_retry_micron	24	static
nand_base.c:542:12:nand_block_checkbad	32	static
nand_base.c:2674:12:nand_block_isbad	16	static
nand_base.c:1966:12:nand_write_subpage_hwecc	56	static
nand_base.c:350:12:nand_block_bad	32	static
nand_base.c:2078:12:nand_write_page	40	static
nand_base.c:2139:17:nand_fill_oob	24	static
nand_base.c:2387:12:nand_do_write_oob	48	static
nand_base.c:411:12:nand_default_block_markbad	80	static
nand_base.c:2198:12:nand_do_write_ops	104	static
nand_base.c:2471:12:nand_write_oob	40	static
nand_base.c:2362:12:nand_write	64	static
nand_base.c:878:12:nand_wait	24	static
nand_base.c:2808:13:sanitize_string	4	static
nand_base.c:522:12:nand_block_isreserved	0	static
nand_base.c:925:12:nand_read_page_raw	16	static
nand_base.c:1846:12:nand_write_page_raw	16	static
nand_base.c:2706:12:nand_onfi_set_features	24	static
nand_base.c:2736:12:nand_onfi_get_features	24	static
nand_base.c:184:13:nand_select_chip	8	static
nand_base.c:1283:17:nand_transfer_oob	24	static
nand_base.c:2825:12:onfi_crc16.constprop	12	static
nand_base.c:2328:12:panic_nand_write	64	static
nand_base.c:584:13:nand_wait_status_ready.constprop	16	static
nand_base.c:561:6:nand_wait_ready	16	static
nand_base.c:608:13:nand_command	24	static
nand_base.c:711:13:nand_command_lp	24	static
nand_base.c:1356:12:nand_do_read_ops	104	static
nand_base.c:1800:12:nand_read_oob	64	static
nand_base.c:1541:12:nand_read	64	static
nand_base.c:2544:5:nand_erase_nand	56	static
nand_base.c:2684:12:nand_block_markbad	96	static
nand_base.c:2531:12:nand_erase	0	static
nand_base.c:3615:5:nand_scan_ident	56	static
nand_base.c:3709:5:nand_scan_tail	24	static
nand_base.c:4016:5:nand_scan	8	static
