device.c:507:24:_device_find_global_by_of_offset	16	static
device.c:212:14:alloc_priv	16	static
device.c:30:5:device_bind	40	static
device.c:197:5:device_bind_by_name	32	static
device.c:227:5:device_probe	16	static
device.c:354:7:dev_get_platdata	8	static
device.c:364:7:dev_get_parent_platdata	8	static
device.c:374:7:dev_get_uclass_platdata	8	static
device.c:384:7:dev_get_priv	8	static
device.c:394:7:dev_get_uclass_priv	8	static
device.c:404:7:dev_get_parent_priv	8	static
device.c:429:5:device_get_child	16	static
device.c:441:5:device_find_child_by_seq	16	static
device.c:461:5:device_get_child_by_seq	32	static
device.c:479:5:device_find_child_by_of_offset	8	static
device.c:496:5:device_get_child_by_of_offset	24	static
device.c:524:5:device_get_global_by_of_offset	16	static
device.c:532:5:device_find_first_child	0	static
device.c:544:5:device_find_next_child	0	static
device.c:559:17:dev_get_parent	0	static
device.c:564:7:dev_get_driver_data	0	static
device.c:569:13:dev_get_driver_ops	0	static
device.c:577:16:device_get_uclass_id	0	static
device.c:582:13:dev_get_uclass_name	0	static
device.c:590:12:dev_get_addr_index	0	static
device.c:656:12:dev_get_addr_name	0	static
device.c:672:12:dev_get_addr	0	static
device.c:677:7:dev_get_addr_ptr	0	static
device.c:682:7:dev_map_physmem	0	static
device.c:687:6:device_has_children	0	static
device.c:692:6:device_has_active_children	16	static
device.c:706:6:device_is_last_sibling	0	static
device.c:715:5:device_set_name	8	static
device.c:725:6:of_device_is_compatible	8	static
device.c:732:6:of_machine_is_compatible	8	static
